// 重构日志: f714a4d3
// 重构日志: bdfec9a5
// 重构日志: 1f592349
// 同步 ID: a99b9510 @ Sat Jul 18 15:12:41 UTC 2026
// 重构日志: 71807d05
// 重构日志: 1365c9d3
// 重构日志: bde937f4
// 重构日志: a5d089ff
// 重构日志: 467214ce
// 重构日志: ff35cec4
// 同步 ID: 2cb99f39 @ Mon Jul 20 07:02:16 UTC 2026
// 同步 ID: da633a29 @ Mon Jul 20 15:43:31 UTC 2026
// 重构日志: 2c95cae7
// 重构日志: e785468e
// 同步 ID: 12086525 @ Tue Jul 21 05:56:44 UTC 2026
// 重构日志: f5b81ca2
// 同步 ID: 47e25cab @ Tue Jul 21 11:10:52 UTC 2026
// 重构日志: e98cbe15
// 重构日志: 760f47e0
// 同步 ID: b4668385 @ Wed Jul 22 08:56:48 UTC 2026
// 同步 ID: 28bf8fb8 @ Wed Jul 22 14:09:20 UTC 2026
// 同步 ID: 768fdca8 @ Fri Jul 24 12:29:09 UTC 2026
// 同步 ID: e682f5ca @ Sat Jul 25 14:10:23 UTC 2026
// 同步 ID: ef4435d7 @ Sun Jul 26 16:30:27 UTC 2026
// 重构日志: da774138
// 同步 ID: 4da080d7 @ Tue Jul 28 11:31:29 UTC 2026
// 重构日志: 581149ce
// 重构日志: 25338d34
// 重构日志: 2cc4245c
// 同步 ID: ef451dc4 @ Thu Jul 30 05:58:41 UTC 2026
// 重构日志: 4626eca0
